// Jest Snapshot v1, https://goo.gl/fbAQLP

exports[`should render ChargeDuration component 1`] = `
Object {
  "asFragment": [Function],
  "baseElement": <body>
    <div>
      <div
        class="row mb-4 justify-content-evenly align-items-center border rounded p-4 shadow"
      >
        <div
          class="col-md-12"
        >
          <div
            class="row"
          >
            <div
              class="col-md-2"
            >
              <i
                class="bi bi-lightning-charge fs-1"
              />
            </div>
            <div
              class="col-md-7"
            >
              <p
                class="m-0 fw-bold"
              >
                ChargePoint - 123 Road
              </p>
              <p
                class="m-0 text-secondary"
              >
                A12 B34 London, UK
              </p>
            </div>
            <div
              class="col-md-3 d-flex align-items-center"
            >
              <i
                class="bi bi-clock fs-2"
              />
              <span
                class="fw-bold mx-1"
              >
                35
                m
              </span>
            </div>
          </div>
          <div
            class="row justify-content-center"
          >
            <div
              class="col-md-4 d-flex align-items-center"
            >
              <i
                class="bi bi-battery-half text-danger fs-1"
              />
              <span
                class="fw-bold text-danger mx-1"
              >
                70
                %
              </span>
              <i
                class="bi bi-arrow-right-short fs-1"
              />
            </div>
            <div
              class="col-md-4 d-flex align-items-center"
            >
              <i
                class="bi bi-battery-half text-success fs-1"
              />
              <span
                class="fw-bold text-success mx-1"
              >
                85
                %
              </span>
            </div>
          </div>
        </div>
      </div>
    </div>
  </body>,
  "container": <div>
    <div
      class="row mb-4 justify-content-evenly align-items-center border rounded p-4 shadow"
    >
      <div
        class="col-md-12"
      >
        <div
          class="row"
        >
          <div
            class="col-md-2"
          >
            <i
              class="bi bi-lightning-charge fs-1"
            />
          </div>
          <div
            class="col-md-7"
          >
            <p
              class="m-0 fw-bold"
            >
              ChargePoint - 123 Road
            </p>
            <p
              class="m-0 text-secondary"
            >
              A12 B34 London, UK
            </p>
          </div>
          <div
            class="col-md-3 d-flex align-items-center"
          >
            <i
              class="bi bi-clock fs-2"
            />
            <span
              class="fw-bold mx-1"
            >
              35
              m
            </span>
          </div>
        </div>
        <div
          class="row justify-content-center"
        >
          <div
            class="col-md-4 d-flex align-items-center"
          >
            <i
              class="bi bi-battery-half text-danger fs-1"
            />
            <span
              class="fw-bold text-danger mx-1"
            >
              70
              %
            </span>
            <i
              class="bi bi-arrow-right-short fs-1"
            />
          </div>
          <div
            class="col-md-4 d-flex align-items-center"
          >
            <i
              class="bi bi-battery-half text-success fs-1"
            />
            <span
              class="fw-bold text-success mx-1"
            >
              85
              %
            </span>
          </div>
        </div>
      </div>
    </div>
  </div>,
  "debug": [Function],
  "findAllByAltText": [Function],
  "findAllByDisplayValue": [Function],
  "findAllByLabelText": [Function],
  "findAllByPlaceholderText": [Function],
  "findAllByRole": [Function],
  "findAllByTestId": [Function],
  "findAllByText": [Function],
  "findAllByTitle": [Function],
  "findByAltText": [Function],
  "findByDisplayValue": [Function],
  "findByLabelText": [Function],
  "findByPlaceholderText": [Function],
  "findByRole": [Function],
  "findByTestId": [Function],
  "findByText": [Function],
  "findByTitle": [Function],
  "getAllByAltText": [Function],
  "getAllByDisplayValue": [Function],
  "getAllByLabelText": [Function],
  "getAllByPlaceholderText": [Function],
  "getAllByRole": [Function],
  "getAllByTestId": [Function],
  "getAllByText": [Function],
  "getAllByTitle": [Function],
  "getByAltText": [Function],
  "getByDisplayValue": [Function],
  "getByLabelText": [Function],
  "getByPlaceholderText": [Function],
  "getByRole": [Function],
  "getByTestId": [Function],
  "getByText": [Function],
  "getByTitle": [Function],
  "queryAllByAltText": [Function],
  "queryAllByDisplayValue": [Function],
  "queryAllByLabelText": [Function],
  "queryAllByPlaceholderText": [Function],
  "queryAllByRole": [Function],
  "queryAllByTestId": [Function],
  "queryAllByText": [Function],
  "queryAllByTitle": [Function],
  "queryByAltText": [Function],
  "queryByDisplayValue": [Function],
  "queryByLabelText": [Function],
  "queryByPlaceholderText": [Function],
  "queryByRole": [Function],
  "queryByTestId": [Function],
  "queryByText": [Function],
  "queryByTitle": [Function],
  "rerender": [Function],
  "unmount": [Function],
}
`;
